// Jest Snapshot v1, https://goo.gl/fbAQLP

exports[`Shortcut component should render correctly 1`] = `
{
  "asFragment": [Function],
  "baseElement": <body>
    <div>
      <span
        class="shortcut-0-2-1"
        data-ouia-component-id="Shortcut"
      >
        <span
          class="pf-v6-c-label pf-m-outline"
          data-test-id="cmd-key"
        >
          <span
            class="pf-v6-c-label__content"
          >
            <span
              class="pf-v6-c-label__text"
            >
              ⌘ 
              Cmd
            </span>
          </span>
        </span>
         + 
        <span
          class="pf-v6-c-label pf-m-outline"
          data-test-id="shift-key"
        >
          <span
            class="pf-v6-c-label__content"
          >
            <span
              class="pf-v6-c-label__text"
            >
              ⇧ 
              Shift
            </span>
          </span>
        </span>
         + 
        <span
          class="pf-v6-c-label pf-m-outline"
          data-test-id="click"
        >
          <span
            class="pf-v6-c-label__content"
          >
            <span
              class="pf-v6-c-label__text"
            >
              <svg
                aria-hidden="true"
                class="pf-v6-svg"
                fill="currentColor"
                height="1em"
                role="img"
                viewBox="0 0 384 512"
                width="1em"
              >
                <path
                  d="M0 352a160 160 0 0 0 160 160h64a160 160 0 0 0 160-160V224H0zM176 0h-16A160 160 0 0 0 0 160v32h176zm48 0h-16v192h176v-32A160 160 0 0 0 224 0z"
                />
              </svg>
               Click
            </span>
          </span>
        </span>
      </span>
      Shortcut description
    </div>
  </body>,
  "container": <div>
    <span
      class="shortcut-0-2-1"
      data-ouia-component-id="Shortcut"
    >
      <span
        class="pf-v6-c-label pf-m-outline"
        data-test-id="cmd-key"
      >
        <span
          class="pf-v6-c-label__content"
        >
          <span
            class="pf-v6-c-label__text"
          >
            ⌘ 
            Cmd
          </span>
        </span>
      </span>
       + 
      <span
        class="pf-v6-c-label pf-m-outline"
        data-test-id="shift-key"
      >
        <span
          class="pf-v6-c-label__content"
        >
          <span
            class="pf-v6-c-label__text"
          >
            ⇧ 
            Shift
          </span>
        </span>
      </span>
       + 
      <span
        class="pf-v6-c-label pf-m-outline"
        data-test-id="click"
      >
        <span
          class="pf-v6-c-label__content"
        >
          <span
            class="pf-v6-c-label__text"
          >
            <svg
              aria-hidden="true"
              class="pf-v6-svg"
              fill="currentColor"
              height="1em"
              role="img"
              viewBox="0 0 384 512"
              width="1em"
            >
              <path
                d="M0 352a160 160 0 0 0 160 160h64a160 160 0 0 0 160-160V224H0zM176 0h-16A160 160 0 0 0 0 160v32h176zm48 0h-16v192h176v-32A160 160 0 0 0 224 0z"
              />
            </svg>
             Click
          </span>
        </span>
      </span>
    </span>
    Shortcut description
  </div>,
  "debug": [Function],
  "findAllByAltText": [Function],
  "findAllByDisplayValue": [Function],
  "findAllByLabelText": [Function],
  "findAllByPlaceholderText": [Function],
  "findAllByRole": [Function],
  "findAllByTestId": [Function],
  "findAllByText": [Function],
  "findAllByTitle": [Function],
  "findByAltText": [Function],
  "findByDisplayValue": [Function],
  "findByLabelText": [Function],
  "findByPlaceholderText": [Function],
  "findByRole": [Function],
  "findByTestId": [Function],
  "findByText": [Function],
  "findByTitle": [Function],
  "getAllByAltText": [Function],
  "getAllByDisplayValue": [Function],
  "getAllByLabelText": [Function],
  "getAllByPlaceholderText": [Function],
  "getAllByRole": [Function],
  "getAllByTestId": [Function],
  "getAllByText": [Function],
  "getAllByTitle": [Function],
  "getByAltText": [Function],
  "getByDisplayValue": [Function],
  "getByLabelText": [Function],
  "getByPlaceholderText": [Function],
  "getByRole": [Function],
  "getByTestId": [Function],
  "getByText": [Function],
  "getByTitle": [Function],
  "queryAllByAltText": [Function],
  "queryAllByDisplayValue": [Function],
  "queryAllByLabelText": [Function],
  "queryAllByPlaceholderText": [Function],
  "queryAllByRole": [Function],
  "queryAllByTestId": [Function],
  "queryAllByText": [Function],
  "queryAllByTitle": [Function],
  "queryByAltText": [Function],
  "queryByDisplayValue": [Function],
  "queryByLabelText": [Function],
  "queryByPlaceholderText": [Function],
  "queryByRole": [Function],
  "queryByTestId": [Function],
  "queryByText": [Function],
  "queryByTitle": [Function],
  "rerender": [Function],
  "unmount": [Function],
}
`;
