// Jest Snapshot v1, https://goo.gl/fbAQLP

exports[`ServiceCard component should render ServiceCard component 1`] = `
{
  "asFragment": [Function],
  "baseElement": <body>
    <div>
      <div
        class="pf-v6-c-card"
        data-ouia-component-id="ServiceCard-card"
        data-ouia-component-type="PF6/Card"
        data-ouia-safe="true"
        id=""
      >
        <div
          class="pf-v6-c-card__header"
        >
          <div
            class="pf-v6-c-card__header-main"
          >
            <div
              class="pf-v6-l-flex pf-m-row pf-m-align-items-center"
            >
              <div
                class="image-0-2-2"
              >
                /
              </div>
              <div
                class=""
              >
                <div
                  class="pf-v6-c-content"
                  data-ouia-component-id="OUIA-Generated-Content-1"
                  data-ouia-component-type="PF6/Content"
                  data-ouia-safe="true"
                  data-pf-content="true"
                >
                  <h2
                    class="pf-v6-c-content--h2"
                    data-ouia-component-id="ServiceCard-title"
                    data-ouia-component-type="PF6/Content"
                    data-ouia-safe="true"
                    data-pf-content="true"
                  >
                    Example
                  </h2>
                  A basic example
                </div>
              </div>
            </div>
          </div>
        </div>
        <div
          class="pf-v6-c-card__body"
          data-ouia-component-id="ServiceCard-description"
        >
          This is a basic ServiceCard Example
        </div>
      </div>
    </div>
  </body>,
  "container": <div>
    <div
      class="pf-v6-c-card"
      data-ouia-component-id="ServiceCard-card"
      data-ouia-component-type="PF6/Card"
      data-ouia-safe="true"
      id=""
    >
      <div
        class="pf-v6-c-card__header"
      >
        <div
          class="pf-v6-c-card__header-main"
        >
          <div
            class="pf-v6-l-flex pf-m-row pf-m-align-items-center"
          >
            <div
              class="image-0-2-2"
            >
              /
            </div>
            <div
              class=""
            >
              <div
                class="pf-v6-c-content"
                data-ouia-component-id="OUIA-Generated-Content-1"
                data-ouia-component-type="PF6/Content"
                data-ouia-safe="true"
                data-pf-content="true"
              >
                <h2
                  class="pf-v6-c-content--h2"
                  data-ouia-component-id="ServiceCard-title"
                  data-ouia-component-type="PF6/Content"
                  data-ouia-safe="true"
                  data-pf-content="true"
                >
                  Example
                </h2>
                A basic example
              </div>
            </div>
          </div>
        </div>
      </div>
      <div
        class="pf-v6-c-card__body"
        data-ouia-component-id="ServiceCard-description"
      >
        This is a basic ServiceCard Example
      </div>
    </div>
  </div>,
  "debug": [Function],
  "findAllByAltText": [Function],
  "findAllByDisplayValue": [Function],
  "findAllByLabelText": [Function],
  "findAllByPlaceholderText": [Function],
  "findAllByRole": [Function],
  "findAllByTestId": [Function],
  "findAllByText": [Function],
  "findAllByTitle": [Function],
  "findByAltText": [Function],
  "findByDisplayValue": [Function],
  "findByLabelText": [Function],
  "findByPlaceholderText": [Function],
  "findByRole": [Function],
  "findByTestId": [Function],
  "findByText": [Function],
  "findByTitle": [Function],
  "getAllByAltText": [Function],
  "getAllByDisplayValue": [Function],
  "getAllByLabelText": [Function],
  "getAllByPlaceholderText": [Function],
  "getAllByRole": [Function],
  "getAllByTestId": [Function],
  "getAllByText": [Function],
  "getAllByTitle": [Function],
  "getByAltText": [Function],
  "getByDisplayValue": [Function],
  "getByLabelText": [Function],
  "getByPlaceholderText": [Function],
  "getByRole": [Function],
  "getByTestId": [Function],
  "getByText": [Function],
  "getByTitle": [Function],
  "queryAllByAltText": [Function],
  "queryAllByDisplayValue": [Function],
  "queryAllByLabelText": [Function],
  "queryAllByPlaceholderText": [Function],
  "queryAllByRole": [Function],
  "queryAllByTestId": [Function],
  "queryAllByText": [Function],
  "queryAllByTitle": [Function],
  "queryByAltText": [Function],
  "queryByDisplayValue": [Function],
  "queryByLabelText": [Function],
  "queryByPlaceholderText": [Function],
  "queryByRole": [Function],
  "queryByTestId": [Function],
  "queryByText": [Function],
  "queryByTitle": [Function],
  "rerender": [Function],
  "unmount": [Function],
}
`;
