// Jest Snapshot v1, https://goo.gl/fbAQLP

exports[`Contentheader component should render 1`] = `
{
  "asFragment": [Function],
  "baseElement": <body>
    <div>
      <section
        class="pf-v6-c-page__main-section"
      >
        <div
          class="pf-v6-l-flex"
        >
          <div
            class="pf-m-flex-1"
          >
            <div
              class="pf-v6-l-split pf-m-gutter"
            >
              <div
                class="pf-v6-l-split__item"
              >
                <div
                  class="pf-v6-c-content"
                >
                  <h1
                    class="pf-v6-c-content--h1 pf-v6-u-mb-sm"
                    data-ouia-component-id="ContentHeader-title"
                    data-ouia-component-type="PF6/Text"
                    data-ouia-safe="true"
                    data-pf-content="true"
                  >
                    My title
                  </h1>
                </div>
              </div>
              <div
                class="pf-v6-l-split__item pf-m-fill"
              />
            </div>
            <div
              class="pf-v6-c-content"
            >
              <p
                class="pf-v6-c-content--p"
                data-ouia-component-id="ContentHeader-subtitle"
                data-ouia-component-type="PF6/Text"
                data-ouia-safe="true"
                data-pf-content="true"
              >
                This is a subtitle for your content header
              </p>
            </div>
          </div>
        </div>
      </section>
    </div>
  </body>,
  "container": <div>
    <section
      class="pf-v6-c-page__main-section"
    >
      <div
        class="pf-v6-l-flex"
      >
        <div
          class="pf-m-flex-1"
        >
          <div
            class="pf-v6-l-split pf-m-gutter"
          >
            <div
              class="pf-v6-l-split__item"
            >
              <div
                class="pf-v6-c-content"
              >
                <h1
                  class="pf-v6-c-content--h1 pf-v6-u-mb-sm"
                  data-ouia-component-id="ContentHeader-title"
                  data-ouia-component-type="PF6/Text"
                  data-ouia-safe="true"
                  data-pf-content="true"
                >
                  My title
                </h1>
              </div>
            </div>
            <div
              class="pf-v6-l-split__item pf-m-fill"
            />
          </div>
          <div
            class="pf-v6-c-content"
          >
            <p
              class="pf-v6-c-content--p"
              data-ouia-component-id="ContentHeader-subtitle"
              data-ouia-component-type="PF6/Text"
              data-ouia-safe="true"
              data-pf-content="true"
            >
              This is a subtitle for your content header
            </p>
          </div>
        </div>
      </div>
    </section>
  </div>,
  "debug": [Function],
  "findAllByAltText": [Function],
  "findAllByDisplayValue": [Function],
  "findAllByLabelText": [Function],
  "findAllByPlaceholderText": [Function],
  "findAllByRole": [Function],
  "findAllByTestId": [Function],
  "findAllByText": [Function],
  "findAllByTitle": [Function],
  "findByAltText": [Function],
  "findByDisplayValue": [Function],
  "findByLabelText": [Function],
  "findByPlaceholderText": [Function],
  "findByRole": [Function],
  "findByTestId": [Function],
  "findByText": [Function],
  "findByTitle": [Function],
  "getAllByAltText": [Function],
  "getAllByDisplayValue": [Function],
  "getAllByLabelText": [Function],
  "getAllByPlaceholderText": [Function],
  "getAllByRole": [Function],
  "getAllByTestId": [Function],
  "getAllByText": [Function],
  "getAllByTitle": [Function],
  "getByAltText": [Function],
  "getByDisplayValue": [Function],
  "getByLabelText": [Function],
  "getByPlaceholderText": [Function],
  "getByRole": [Function],
  "getByTestId": [Function],
  "getByText": [Function],
  "getByTitle": [Function],
  "queryAllByAltText": [Function],
  "queryAllByDisplayValue": [Function],
  "queryAllByLabelText": [Function],
  "queryAllByPlaceholderText": [Function],
  "queryAllByRole": [Function],
  "queryAllByTestId": [Function],
  "queryAllByText": [Function],
  "queryAllByTitle": [Function],
  "queryByAltText": [Function],
  "queryByDisplayValue": [Function],
  "queryByLabelText": [Function],
  "queryByPlaceholderText": [Function],
  "queryByRole": [Function],
  "queryByTestId": [Function],
  "queryByText": [Function],
  "queryByTitle": [Function],
  "rerender": [Function],
  "unmount": [Function],
}
`;
