// Jest Snapshot v1, https://goo.gl/fbAQLP

exports[`SkeletonTableBody component should render correctly 1`] = `
{
  "asFragment": [Function],
  "baseElement": <body>
    <div>
      <tbody
        class="pf-v6-c-table__tbody"
        data-ouia-component-id="SkeletonTableBody-tbody"
        role="rowgroup"
      >
        <tr
          class="pf-v6-c-table__tr"
          data-ouia-component-id="SkeletonTableBody-tr-0"
          data-ouia-component-type="PF6/TableRow"
          data-ouia-safe="true"
        >
          <td
            class="pf-v6-c-table__td"
            data-ouia-component-id="SkeletonTableBody-td-0-0"
            tabindex="-1"
          >
            <div
              class="pf-v6-c-skeleton"
            >
              <span
                class="pf-v6-screen-reader"
              />
            </div>
          </td>
          <td
            class="pf-v6-c-table__td"
            data-ouia-component-id="SkeletonTableBody-td-0-1"
            tabindex="-1"
          >
            <div
              class="pf-v6-c-skeleton"
            >
              <span
                class="pf-v6-screen-reader"
              />
            </div>
          </td>
        </tr>
        <tr
          class="pf-v6-c-table__tr"
          data-ouia-component-id="SkeletonTableBody-tr-1"
          data-ouia-component-type="PF6/TableRow"
          data-ouia-safe="true"
        >
          <td
            class="pf-v6-c-table__td"
            data-ouia-component-id="SkeletonTableBody-td-1-0"
            tabindex="-1"
          >
            <div
              class="pf-v6-c-skeleton"
            >
              <span
                class="pf-v6-screen-reader"
              />
            </div>
          </td>
          <td
            class="pf-v6-c-table__td"
            data-ouia-component-id="SkeletonTableBody-td-1-1"
            tabindex="-1"
          >
            <div
              class="pf-v6-c-skeleton"
            >
              <span
                class="pf-v6-screen-reader"
              />
            </div>
          </td>
        </tr>
        <tr
          class="pf-v6-c-table__tr"
          data-ouia-component-id="SkeletonTableBody-tr-2"
          data-ouia-component-type="PF6/TableRow"
          data-ouia-safe="true"
        >
          <td
            class="pf-v6-c-table__td"
            data-ouia-component-id="SkeletonTableBody-td-2-0"
            tabindex="-1"
          >
            <div
              class="pf-v6-c-skeleton"
            >
              <span
                class="pf-v6-screen-reader"
              />
            </div>
          </td>
          <td
            class="pf-v6-c-table__td"
            data-ouia-component-id="SkeletonTableBody-td-2-1"
            tabindex="-1"
          >
            <div
              class="pf-v6-c-skeleton"
            >
              <span
                class="pf-v6-screen-reader"
              />
            </div>
          </td>
        </tr>
        <tr
          class="pf-v6-c-table__tr"
          data-ouia-component-id="SkeletonTableBody-tr-3"
          data-ouia-component-type="PF6/TableRow"
          data-ouia-safe="true"
        >
          <td
            class="pf-v6-c-table__td"
            data-ouia-component-id="SkeletonTableBody-td-3-0"
            tabindex="-1"
          >
            <div
              class="pf-v6-c-skeleton"
            >
              <span
                class="pf-v6-screen-reader"
              />
            </div>
          </td>
          <td
            class="pf-v6-c-table__td"
            data-ouia-component-id="SkeletonTableBody-td-3-1"
            tabindex="-1"
          >
            <div
              class="pf-v6-c-skeleton"
            >
              <span
                class="pf-v6-screen-reader"
              />
            </div>
          </td>
        </tr>
        <tr
          class="pf-v6-c-table__tr"
          data-ouia-component-id="SkeletonTableBody-tr-4"
          data-ouia-component-type="PF6/TableRow"
          data-ouia-safe="true"
        >
          <td
            class="pf-v6-c-table__td"
            data-ouia-component-id="SkeletonTableBody-td-4-0"
            tabindex="-1"
          >
            <div
              class="pf-v6-c-skeleton"
            >
              <span
                class="pf-v6-screen-reader"
              />
            </div>
          </td>
          <td
            class="pf-v6-c-table__td"
            data-ouia-component-id="SkeletonTableBody-td-4-1"
            tabindex="-1"
          >
            <div
              class="pf-v6-c-skeleton"
            >
              <span
                class="pf-v6-screen-reader"
              />
            </div>
          </td>
        </tr>
      </tbody>
    </div>
  </body>,
  "container": <div>
    <tbody
      class="pf-v6-c-table__tbody"
      data-ouia-component-id="SkeletonTableBody-tbody"
      role="rowgroup"
    >
      <tr
        class="pf-v6-c-table__tr"
        data-ouia-component-id="SkeletonTableBody-tr-0"
        data-ouia-component-type="PF6/TableRow"
        data-ouia-safe="true"
      >
        <td
          class="pf-v6-c-table__td"
          data-ouia-component-id="SkeletonTableBody-td-0-0"
          tabindex="-1"
        >
          <div
            class="pf-v6-c-skeleton"
          >
            <span
              class="pf-v6-screen-reader"
            />
          </div>
        </td>
        <td
          class="pf-v6-c-table__td"
          data-ouia-component-id="SkeletonTableBody-td-0-1"
          tabindex="-1"
        >
          <div
            class="pf-v6-c-skeleton"
          >
            <span
              class="pf-v6-screen-reader"
            />
          </div>
        </td>
      </tr>
      <tr
        class="pf-v6-c-table__tr"
        data-ouia-component-id="SkeletonTableBody-tr-1"
        data-ouia-component-type="PF6/TableRow"
        data-ouia-safe="true"
      >
        <td
          class="pf-v6-c-table__td"
          data-ouia-component-id="SkeletonTableBody-td-1-0"
          tabindex="-1"
        >
          <div
            class="pf-v6-c-skeleton"
          >
            <span
              class="pf-v6-screen-reader"
            />
          </div>
        </td>
        <td
          class="pf-v6-c-table__td"
          data-ouia-component-id="SkeletonTableBody-td-1-1"
          tabindex="-1"
        >
          <div
            class="pf-v6-c-skeleton"
          >
            <span
              class="pf-v6-screen-reader"
            />
          </div>
        </td>
      </tr>
      <tr
        class="pf-v6-c-table__tr"
        data-ouia-component-id="SkeletonTableBody-tr-2"
        data-ouia-component-type="PF6/TableRow"
        data-ouia-safe="true"
      >
        <td
          class="pf-v6-c-table__td"
          data-ouia-component-id="SkeletonTableBody-td-2-0"
          tabindex="-1"
        >
          <div
            class="pf-v6-c-skeleton"
          >
            <span
              class="pf-v6-screen-reader"
            />
          </div>
        </td>
        <td
          class="pf-v6-c-table__td"
          data-ouia-component-id="SkeletonTableBody-td-2-1"
          tabindex="-1"
        >
          <div
            class="pf-v6-c-skeleton"
          >
            <span
              class="pf-v6-screen-reader"
            />
          </div>
        </td>
      </tr>
      <tr
        class="pf-v6-c-table__tr"
        data-ouia-component-id="SkeletonTableBody-tr-3"
        data-ouia-component-type="PF6/TableRow"
        data-ouia-safe="true"
      >
        <td
          class="pf-v6-c-table__td"
          data-ouia-component-id="SkeletonTableBody-td-3-0"
          tabindex="-1"
        >
          <div
            class="pf-v6-c-skeleton"
          >
            <span
              class="pf-v6-screen-reader"
            />
          </div>
        </td>
        <td
          class="pf-v6-c-table__td"
          data-ouia-component-id="SkeletonTableBody-td-3-1"
          tabindex="-1"
        >
          <div
            class="pf-v6-c-skeleton"
          >
            <span
              class="pf-v6-screen-reader"
            />
          </div>
        </td>
      </tr>
      <tr
        class="pf-v6-c-table__tr"
        data-ouia-component-id="SkeletonTableBody-tr-4"
        data-ouia-component-type="PF6/TableRow"
        data-ouia-safe="true"
      >
        <td
          class="pf-v6-c-table__td"
          data-ouia-component-id="SkeletonTableBody-td-4-0"
          tabindex="-1"
        >
          <div
            class="pf-v6-c-skeleton"
          >
            <span
              class="pf-v6-screen-reader"
            />
          </div>
        </td>
        <td
          class="pf-v6-c-table__td"
          data-ouia-component-id="SkeletonTableBody-td-4-1"
          tabindex="-1"
        >
          <div
            class="pf-v6-c-skeleton"
          >
            <span
              class="pf-v6-screen-reader"
            />
          </div>
        </td>
      </tr>
    </tbody>
  </div>,
  "debug": [Function],
  "findAllByAltText": [Function],
  "findAllByDisplayValue": [Function],
  "findAllByLabelText": [Function],
  "findAllByPlaceholderText": [Function],
  "findAllByRole": [Function],
  "findAllByTestId": [Function],
  "findAllByText": [Function],
  "findAllByTitle": [Function],
  "findByAltText": [Function],
  "findByDisplayValue": [Function],
  "findByLabelText": [Function],
  "findByPlaceholderText": [Function],
  "findByRole": [Function],
  "findByTestId": [Function],
  "findByText": [Function],
  "findByTitle": [Function],
  "getAllByAltText": [Function],
  "getAllByDisplayValue": [Function],
  "getAllByLabelText": [Function],
  "getAllByPlaceholderText": [Function],
  "getAllByRole": [Function],
  "getAllByTestId": [Function],
  "getAllByText": [Function],
  "getAllByTitle": [Function],
  "getByAltText": [Function],
  "getByDisplayValue": [Function],
  "getByLabelText": [Function],
  "getByPlaceholderText": [Function],
  "getByRole": [Function],
  "getByTestId": [Function],
  "getByText": [Function],
  "getByTitle": [Function],
  "queryAllByAltText": [Function],
  "queryAllByDisplayValue": [Function],
  "queryAllByLabelText": [Function],
  "queryAllByPlaceholderText": [Function],
  "queryAllByRole": [Function],
  "queryAllByTestId": [Function],
  "queryAllByText": [Function],
  "queryAllByTitle": [Function],
  "queryByAltText": [Function],
  "queryByDisplayValue": [Function],
  "queryByLabelText": [Function],
  "queryByPlaceholderText": [Function],
  "queryByRole": [Function],
  "queryByTestId": [Function],
  "queryByText": [Function],
  "queryByTitle": [Function],
  "rerender": [Function],
  "unmount": [Function],
}
`;
